> Task :compileJava UP-TO-DATE
> Task :processResources NO-SOURCE
> Task :classes UP-TO-DATE
> Task :compileTestJava UP-TO-DATE
> Task :processTestResources NO-SOURCE
> Task :testClasses UP-TO-DATE
> Task :test UP-TO-DATE
> Task :jacocoTestReport UP-TO-DATE
> Task :compileFunctionalTestJava UP-TO-DATE
> Task :processFunctionalTestResources NO-SOURCE
> Task :functionalTestClasses UP-TO-DATE
> Task :functionalTest UP-TO-DATE

BUILD SUCCESSFUL in 1s
6 actionable tasks: 6 up-to-date
